<?xml version="1.0" encoding="UTF-8" standalone="no"?>
<!DOCTYPE log SYSTEM "logger.dtd">
<log>
<record>
  <date>2026-02-26T12:39:01.941724200Z</date>
  <millis>1772109541941</millis>
  <nanos>724200</nanos>
  <sequence>0</sequence>
  <logger>carvedrockfitness.user.UserService</logger>
  <level>INFO</level>
  <class>carvedrockfitness.user.UserService</class>
  <method>addUser</method>
  <thread>3</thread>
  <message>Adding user, with user details: carvedrockfitness.user.User - name: Maaike, id: 4, email: maaike@maaike.nl</message>
</record>
<record>
  <date>2026-02-26T12:39:01.956457100Z</date>
  <millis>1772109541956</millis>
  <nanos>457100</nanos>
  <sequence>1</sequence>
  <logger>carvedrockfitness.order.OrderService</logger>
  <level>WARNING</level>
  <class>carvedrockfitness.order.OrderService</class>
  <method>addOrder</method>
  <thread>3</thread>
  <message>Trying to place an order by a pending user,order details: carvedrockfitness.order.Order@27973e9b</message>
</record>
</log>
